---------- Evolution 0 ----------
1
---------- Evolution 1 ----------
2
---------- Evolution 2 ----------
3