---------- Evolution 0 ----------
1
3
2
9
8
---------- Evolution 1 ----------
2
2
3
---------- Evolution 2 ----------
2
7